BLACKDARK Contract Executor — START
2026-09-11 01:07:28,563 | WARNING | BLACKDARK.Wave00 | slow request GET /api/arbitrage/scanner/status 1113.2ms
2026-09-11 01:07:28,609 | INFO | httpx2 | HTTP Request: GET http://testserver/api/arbitrage/scanner/status "HTTP/1.1 200 OK"
2026-09-11 01:08:03,997 | INFO | database | Database initialised at /workspace/data/blackdark.db
2026-09-11 01:08:04,023 | INFO | httpx2 | HTTP Request: GET http://testserver/api/admin/billing/metrics "HTTP/1.1 403 Forbidden"
2026-09-11 01:08:04,044 | INFO | httpx2 | HTTP Request: GET http://testserver/api/admin/billing/metrics "HTTP/1.1 403 Forbidden"
2026-09-11 01:08:04,074 | INFO | httpx2 | HTTP Request: POST http://testserver/api/analytics/event "HTTP/1.1 200 OK"
2026-09-11 01:08:04,098 | INFO | httpx2 | HTTP Request: GET http://testserver/api/user/settings "HTTP/1.1 404 Not Found"
2026-09-11 01:08:04,277 | INFO | database | Database initialised at /tmp/tmp2ume_b5v.db
2026-09-11 01:08:13,047 | INFO | database | Database initialised at /tmp/tmp2ume_b5v.db
2026-09-11 01:08:13,058 | INFO | httpx2 | HTTP Request: GET http://testserver/ "HTTP/1.1 200 OK"
2026-09-11 01:08:13,081 | INFO | httpx2 | HTTP Request: GET http://testserver/about "HTTP/1.1 200 OK"
2026-09-11 01:08:13,087 | INFO | httpx2 | HTTP Request: GET http://testserver/address-intelligence "HTTP/1.1 200 OK"
2026-09-11 01:08:13,092 | INFO | httpx2 | HTTP Request: GET http://testserver/admin/launch "HTTP/1.1 403 Forbidden"
2026-09-11 01:08:13,096 | INFO | httpx2 | HTTP Request: GET http://testserver/admin/plan "HTTP/1.1 403 Forbidden"
2026-09-11 01:08:13,100 | INFO | httpx2 | HTTP Request: GET http://testserver/admin/roadmap "HTTP/1.1 403 Forbidden"
2026-09-11 01:08:13,105 | INFO | httpx2 | HTTP Request: GET http://testserver/alert-passport "HTTP/1.1 200 OK"
2026-09-11 01:08:13,109 | INFO | httpx2 | HTTP Request: GET http://testserver/allocator-receipt "HTTP/1.1 200 OK"
2026-09-11 01:08:13,115 | INFO | httpx2 | HTTP Request: GET http://testserver/anti-hype "HTTP/1.1 200 OK"
2026-09-11 01:08:13,118 | INFO | httpx2 | HTTP Request: GET http://testserver/app "HTTP/1.1 302 Found"
2026-09-11 01:08:13,126 | INFO | httpx2 | HTTP Request: GET http://testserver/b2b "HTTP/1.1 200 OK"
2026-09-11 01:08:13,131 | INFO | httpx2 | HTTP Request: GET http://testserver/b2b/committee-one-pager "HTTP/1.1 200 OK"
2026-09-11 01:08:13,136 | INFO | httpx2 | HTTP Request: GET http://testserver/cancel "HTTP/1.1 200 OK"
2026-09-11 01:08:13,141 | INFO | httpx2 | HTTP Request: GET http://testserver/cap646 "HTTP/1.1 200 OK"
2026-09-11 01:08:13,145 | INFO | httpx2 | HTTP Request: GET http://testserver/capabilities "HTTP/1.1 200 OK"
2026-09-11 01:08:13,149 | INFO | httpx2 | HTTP Request: GET http://testserver/changelog "HTTP/1.1 200 OK"
2026-09-11 01:08:13,153 | INFO | httpx2 | HTTP Request: GET http://testserver/complaints "HTTP/1.1 200 OK"
2026-09-11 01:08:13,158 | INFO | httpx2 | HTTP Request: GET http://testserver/compliance "HTTP/1.1 200 OK"
2026-09-11 01:08:13,163 | INFO | httpx2 | HTTP Request: GET http://testserver/contact "HTTP/1.1 200 OK"
2026-09-11 01:08:13,168 | INFO | httpx2 | HTTP Request: GET http://testserver/contradiction-replay "HTTP/1.1 200 OK"
2026-09-11 01:08:13,175 | INFO | httpx2 | HTTP Request: GET http://testserver/cookies "HTTP/1.1 200 OK"
2026-09-11 01:08:13,180 | INFO | httpx2 | HTTP Request: GET http://testserver/corpus-passport "HTTP/1.1 200 OK"
2026-09-11 01:08:13,185 | INFO | httpx2 | HTTP Request: GET http://testserver/coverage-honesty "HTTP/1.1 200 OK"
2026-09-11 01:08:13,188 | INFO | BLACKDARK.Billing | billing_checkout_request tier=pro email= user_id=
2026-09-11 01:08:13,189 | INFO | httpx2 | HTTP Request: GET http://testserver/create-checkout-session "HTTP/1.1 502 Bad Gateway"
2026-09-11 01:08:13,194 | INFO | httpx2 | HTTP Request: GET http://testserver/d5-honesty "HTTP/1.1 200 OK"
2026-09-11 01:08:13,213 | INFO | httpx2 | HTTP Request: GET http://testserver/dashboard "HTTP/1.1 200 OK"
2026-09-11 01:08:13,217 | INFO | httpx2 | HTTP Request: GET http://testserver/data-room "HTTP/1.1 200 OK"
2026-09-11 01:08:13,222 | INFO | httpx2 | HTTP Request: GET http://testserver/desk-duel "HTTP/1.1 200 OK"
2026-09-11 01:08:13,227 | INFO | httpx2 | HTTP Request: GET http://testserver/discipline-mirror "HTTP/1.1 200 OK"
2026-09-11 01:08:13,231 | INFO | httpx2 | HTTP Request: GET http://testserver/disclaimer "HTTP/1.1 200 OK"
2026-09-11 01:08:13,238 | INFO | httpx2 | HTTP Request: GET http://testserver/docs "HTTP/1.1 200 OK"
2026-09-11 01:08:13,242 | INFO | httpx2 | HTTP Request: GET http://testserver/docs/public "HTTP/1.1 200 OK"
2026-09-11 01:08:13,247 | INFO | httpx2 | HTTP Request: GET http://testserver/emotion-tax "HTTP/1.1 200 OK"
2026-09-11 01:08:13,250 | INFO | httpx2 | HTTP Request: GET http://testserver/errors "HTTP/1.1 307 Temporary Redirect"
2026-09-11 01:08:13,254 | INFO | httpx2 | HTTP Request: GET http://testserver/faq "HTTP/1.1 200 OK"
2026-09-11 01:08:13,258 | INFO | httpx2 | HTTP Request: GET http://testserver/favicon.ico "HTTP/1.1 200 OK"
2026-09-11 01:08:13,262 | INFO | httpx2 | HTTP Request: GET http://testserver/feedback "HTTP/1.1 200 OK"
2026-09-11 01:08:13,265 | INFO | httpx2 | HTTP Request: GET http://testserver/health "HTTP/1.1 200 OK"
2026-09-11 01:08:13,269 | INFO | httpx2 | HTTP Request: GET http://testserver/health/live "HTTP/1.1 200 OK"
2026-09-11 01:08:13,272 | INFO | httpx2 | HTTP Request: GET http://testserver/health/ready "HTTP/1.1 503 Service Unavailable"
2026-09-11 01:08:13,275 | INFO | httpx2 | HTTP Request: GET http://testserver/health/viral "HTTP/1.1 503 Service Unavailable"
2026-09-11 01:08:13,279 | INFO | httpx2 | HTTP Request: GET http://testserver/how-it-works "HTTP/1.1 200 OK"
2026-09-11 01:08:13,285 | INFO | httpx2 | HTTP Request: GET http://testserver/il-simulator "HTTP/1.1 200 OK"
2026-09-11 01:08:13,290 | INFO | httpx2 | HTTP Request: GET http://testserver/institutional "HTTP/1.1 200 OK"
2026-09-11 01:08:13,296 | INFO | httpx2 | HTTP Request: GET http://testserver/intelligence-ledger "HTTP/1.1 200 OK"
2026-09-11 01:08:13,301 | INFO | httpx2 | HTTP Request: GET http://testserver/kill-rate "HTTP/1.1 200 OK"
2026-09-11 01:08:13,309 | INFO | httpx2 | HTTP Request: GET http://testserver/landing "HTTP/1.1 200 OK"
2026-09-11 01:08:13,313 | INFO | httpx2 | HTTP Request: GET http://testserver/legal "HTTP/1.1 200 OK"
2026-09-11 01:08:13,324 | INFO | httpx2 | HTTP Request: GET http://testserver/login "HTTP/1.1 200 OK"
2026-09-11 01:08:13,329 | INFO | httpx2 | HTTP Request: GET http://testserver/manifest.json "HTTP/1.1 200 OK"
2026-09-11 01:08:13,334 | INFO | httpx2 | HTTP Request: GET http://testserver/market-intelligence "HTTP/1.1 200 OK"
2026-09-11 01:08:13,340 | INFO | httpx2 | HTTP Request: GET http://testserver/miss-feed "HTTP/1.1 200 OK"
2026-09-11 01:08:13,345 | INFO | httpx2 | HTTP Request: GET http://testserver/model-card "HTTP/1.1 200 OK"
2026-09-11 01:08:13,349 | INFO | httpx2 | HTTP Request: GET http://testserver/msa "HTTP/1.1 200 OK"
2026-09-11 01:08:13,352 | INFO | httpx2 | HTTP Request: GET http://testserver/my/discipline-mirror "HTTP/1.1 307 Temporary Redirect"
/workspace/.venv/lib/python3.12/site-packages/fastapi/openapi/utils.py:303: UserWarning: Duplicate Operation ID oracle_accuracy_page_oracle_accuracy_get for function oracle_accuracy_page at /workspace/dashboard.py
  warnings.warn(message, stacklevel=1)
/workspace/.venv/lib/python3.12/site-packages/fastapi/openapi/utils.py:303: UserWarning: Duplicate Operation ID storage_maintenance_api_storage_maintenance_get for function storage_maintenance at /workspace/dashboard.py
  warnings.warn(message, stacklevel=1)
/workspace/.venv/lib/python3.12/site-packages/fastapi/openapi/utils.py:303: UserWarning: Duplicate Operation ID storage_legacy_purge_api_storage_legacy_purge_get for function storage_legacy_purge at /workspace/dashboard.py
  warnings.warn(message, stacklevel=1)
2026-09-11 01:08:13,720 | INFO | httpx2 | HTTP Request: GET http://testserver/openapi.json "HTTP/1.1 200 OK"
2026-09-11 01:08:13,733 | INFO | httpx2 | HTTP Request: GET http://testserver/oracle-accuracy "HTTP/1.1 200 OK"
2026-09-11 01:08:13,741 | INFO | httpx2 | HTTP Request: GET http://testserver/oracle/accuracy "HTTP/1.1 200 OK"
2026-09-11 01:08:13,744 | INFO | httpx2 | HTTP Request: GET http://testserver/plan "HTTP/1.1 403 Forbidden"
2026-09-11 01:08:13,754 | INFO | httpx2 | HTTP Request: GET http://testserver/platform "HTTP/1.1 200 OK"
2026-09-11 01:08:13,760 | INFO | httpx2 | HTTP Request: GET http://testserver/priority-chain "HTTP/1.1 200 OK"
2026-09-11 01:08:13,765 | INFO | httpx2 | HTTP Request: GET http://testserver/privacy "HTTP/1.1 200 OK"
2026-09-11 01:08:13,773 | INFO | httpx2 | HTTP Request: GET http://testserver/profile "HTTP/1.1 200 OK"
2026-09-11 01:08:13,778 | INFO | httpx2 | HTTP Request: GET http://testserver/proof-arena "HTTP/1.1 200 OK"
2026-09-11 01:08:13,781 | INFO | httpx2 | HTTP Request: GET http://testserver/public/accuracy-ledger "HTTP/1.1 307 Temporary Redirect"
2026-09-11 01:08:13,785 | INFO | httpx2 | HTTP Request: GET http://testserver/refund "HTTP/1.1 200 OK"
2026-09-11 01:08:13,788 | INFO | httpx2 | HTTP Request: GET http://testserver/register "HTTP/1.1 307 Temporary Redirect"
2026-09-11 01:08:13,794 | INFO | httpx2 | HTTP Request: GET http://testserver/reset-password "HTTP/1.1 200 OK"
2026-09-11 01:08:13,797 | INFO | httpx2 | HTTP Request: GET http://testserver/robots.txt "HTTP/1.1 200 OK"
2026-09-11 01:08:13,802 | INFO | httpx2 | HTTP Request: GET http://testserver/silence-index "HTTP/1.1 200 OK"
2026-09-11 01:08:13,806 | INFO | httpx2 | HTTP Request: GET http://testserver/since-you-left "HTTP/1.1 200 OK"
2026-09-11 01:08:13,810 | INFO | httpx2 | HTTP Request: GET http://testserver/sitemap.xml "HTTP/1.1 200 OK"
2026-09-11 01:08:13,814 | INFO | httpx2 | HTTP Request: GET http://testserver/sla "HTTP/1.1 200 OK"
2026-09-11 01:08:13,820 | INFO | httpx2 | HTTP Request: GET http://testserver/status "HTTP/1.1 200 OK"
2026-09-11 01:08:13,825 | INFO | httpx2 | HTTP Request: GET http://testserver/success "HTTP/1.1 200 OK"
2026-09-11 01:08:13,829 | INFO | httpx2 | HTTP Request: GET http://testserver/sw.js "HTTP/1.1 200 OK"
2026-09-11 01:08:13,832 | INFO | httpx2 | HTTP Request: GET http://testserver/system/info "HTTP/1.1 403 Forbidden"
2026-09-11 01:08:13,836 | INFO | httpx2 | HTTP Request: GET http://testserver/terms "HTTP/1.1 200 OK"
2026-09-11 01:08:13,841 | INFO | httpx2 | HTTP Request: GET http://testserver/transfer-intent "HTTP/1.1 200 OK"
2026-09-11 01:08:13,846 | INFO | httpx2 | HTTP Request: GET http://testserver/trust-debt "HTTP/1.1 200 OK"
2026-09-11 01:08:13,850 | INFO | httpx2 | HTTP Request: GET http://testserver/unique-ten "HTTP/1.1 200 OK"
2026-09-11 01:08:13,855 | INFO | httpx2 | HTTP Request: GET http://testserver/validity-decay "HTTP/1.1 200 OK"
2026-09-11 01:08:13,858 | INFO | httpx2 | HTTP Request: GET http://testserver/verify-email "HTTP/1.1 200 OK"
2026-09-11 01:08:13,863 | INFO | httpx2 | HTTP Request: GET http://testserver/visibility-cost "HTTP/1.1 200 OK"
2026-09-11 01:08:13,868 | INFO | httpx2 | HTTP Request: GET http://testserver/zero-tolerance "HTTP/1.1 200 OK"
DONE — 43 procedures, 3 blockers
