=== START Batch 07 (301-350) ===
ABORT Batch07: closure failed exit=1
=== START Batch 07 (301-350) ===
Batch07 | TypeA=0 | TypeB: NOT_COMPLETE=50 PERF-UNV=0 | RandomSample=PASS seed=16007 | ThreeWay=OK
=== DONE Batch 07 tag=batch07-closure-verified ===
=== START Batch 08 (351-400) ===
Batch08 | TypeA=0 | TypeB: NOT_COMPLETE=50 PERF-UNV=0 | RandomSample=PASS seed=16008 | ThreeWay=OK
=== DONE Batch 08 tag=batch08-closure-verified ===
=== START Batch 09 (401-450) ===
Batch09 | TypeA=0 | TypeB: NOT_COMPLETE=50 PERF-UNV=0 | RandomSample=PASS seed=16009 | ThreeWay=OK
=== DONE Batch 09 tag=batch09-closure-verified ===
=== START Batch 10 (451-500) ===
Batch10 | TypeA=0 | TypeB: NOT_COMPLETE=50 PERF-UNV=0 | RandomSample=PASS seed=16010 | ThreeWay=OK
=== DONE Batch 10 tag=batch10-closure-verified ===
=== START Batch 11 (501-550) ===
Batch11 | TypeA=0 | TypeB: NOT_COMPLETE=50 PERF-UNV=0 | RandomSample=PASS seed=16011 | ThreeWay=OK
=== DONE Batch 11 tag=batch11-closure-verified ===
=== START Batch 12 (551-600) ===
ABORT Batch12: opening failed exit=1
=== START Batch 12 (551-600) ===
ABORT Batch12: opening failed exit=1
=== START Batch 12 (551-600) ===
ABORT Batch12: closure failed exit=1
=== START Batch 13 (601-650) ===
Batch12 | TypeA=0 | TypeB: NOT_COMPLETE=50 PERF-UNV=0 | RandomSample=PASS seed=16012 | ThreeWay=OK
=== DONE Batch 12 tag=batch12-closure-verified ===
ABORT Batch13: closure failed exit=1
=== START Batch 13 (601-650) ===
=== START Batch 13 (601-650) ===
ABORT Batch13: closure failed exit=1
=== PAUSED Run021 — keyword_fallback reconciliation 2026-09-11T20:03:18Z ===
