
         /\      Grafana   /‾‾/  
    /\  /  \     |\  __   /  /   
   /  \/    \    | |/ /  /   ‾‾\ 
  /          \   |   (  |  (‾)  |
 / __________ \  |_|\_\  \_____/ 


     execution: local
        script: scripts/load_test_oracle_profiling.js
        output: -

     scenarios: (100.00%) 1 scenario, 50 max VUs, 3m30s max duration (incl. graceful stop):
              * default: 50 looping VUs for 3m0s (gracefulStop: 30s)


Run       [ 100% ] setup()
default   [   0% ]

running (0m02.0s), 50/50 VUs, 0 complete and 0 interrupted iterations
default   [   0% ] 50 VUs  0m00.3s/3m0s

running (0m03.0s), 50/50 VUs, 35 complete and 0 interrupted iterations
default   [   1% ] 50 VUs  0m01.3s/3m0s

running (0m04.0s), 50/50 VUs, 343 complete and 0 interrupted iterations
default   [   1% ] 50 VUs  0m02.3s/3m0s

running (0m05.0s), 50/50 VUs, 891 complete and 0 interrupted iterations
default   [   2% ] 50 VUs  0m03.3s/3m0s

running (0m06.0s), 50/50 VUs, 1469 complete and 0 interrupted iterations
default   [   2% ] 50 VUs  0m04.3s/3m0s

running (0m07.0s), 50/50 VUs, 2085 complete and 0 interrupted iterations
default   [   3% ] 50 VUs  0m05.3s/3m0s

running (0m08.0s), 50/50 VUs, 3022 complete and 0 interrupted iterations
default   [   3% ] 50 VUs  0m06.3s/3m0s

running (0m09.0s), 50/50 VUs, 4273 complete and 0 interrupted iterations
default   [   4% ] 50 VUs  0m07.3s/3m0s

running (0m10.0s), 50/50 VUs, 5626 complete and 0 interrupted iterations
default   [   5% ] 50 VUs  0m08.3s/3m0s

running (0m11.0s), 50/50 VUs, 6974 complete and 0 interrupted iterations
default   [   5% ] 50 VUs  0m09.3s/3m0s

running (0m12.0s), 50/50 VUs, 8355 complete and 0 interrupted iterations
default   [   6% ] 50 VUs  0m10.3s/3m0s

running (0m13.0s), 50/50 VUs, 9645 complete and 0 interrupted iterations
default   [   6% ] 50 VUs  0m11.3s/3m0s

running (0m14.0s), 50/50 VUs, 11018 complete and 0 interrupted iterations
default   [   7% ] 50 VUs  0m12.3s/3m0s

running (0m15.0s), 50/50 VUs, 12356 complete and 0 interrupted iterations
default   [   7% ] 50 VUs  0m13.3s/3m0s

running (0m16.0s), 50/50 VUs, 13668 complete and 0 interrupted iterations
default   [   8% ] 50 VUs  0m14.3s/3m0s

running (0m17.0s), 50/50 VUs, 14895 complete and 0 interrupted iterations
default   [   8% ] 50 VUs  0m15.3s/3m0s

running (0m18.0s), 50/50 VUs, 16296 complete and 0 interrupted iterations
default   [   9% ] 50 VUs  0m16.3s/3m0s

running (0m19.0s), 50/50 VUs, 17675 complete and 0 interrupted iterations
default   [  10% ] 50 VUs  0m17.3s/3m0s

running (0m20.0s), 50/50 VUs, 19058 complete and 0 interrupted iterations
default   [  10% ] 50 VUs  0m18.3s/3m0s

running (0m21.0s), 50/50 VUs, 20480 complete and 0 interrupted iterations
default   [  11% ] 50 VUs  0m19.3s/3m0s

running (0m22.0s), 50/50 VUs, 21932 complete and 0 interrupted iterations
default   [  11% ] 50 VUs  0m20.3s/3m0s

running (0m23.0s), 50/50 VUs, 23335 complete and 0 interrupted iterations
default   [  12% ] 50 VUs  0m21.3s/3m0s

running (0m24.0s), 50/50 VUs, 24528 complete and 0 interrupted iterations
default   [  12% ] 50 VUs  0m22.3s/3m0s

running (0m25.0s), 50/50 VUs, 26031 complete and 0 interrupted iterations
default   [  13% ] 50 VUs  0m23.3s/3m0s

running (0m26.0s), 50/50 VUs, 27372 complete and 0 interrupted iterations
default   [  13% ] 50 VUs  0m24.3s/3m0s

running (0m27.0s), 50/50 VUs, 28730 complete and 0 interrupted iterations
default   [  14% ] 50 VUs  0m25.3s/3m0s

running (0m28.0s), 50/50 VUs, 30275 complete and 0 interrupted iterations
default   [  15% ] 50 VUs  0m26.3s/3m0s

running (0m29.0s), 50/50 VUs, 31586 complete and 0 interrupted iterations
default   [  15% ] 50 VUs  0m27.3s/3m0s

running (0m30.0s), 50/50 VUs, 33102 complete and 0 interrupted iterations
default   [  16% ] 50 VUs  0m28.3s/3m0s

running (0m31.0s), 50/50 VUs, 34332 complete and 0 interrupted iterations
default   [  16% ] 50 VUs  0m29.3s/3m0s

running (0m32.0s), 50/50 VUs, 35690 complete and 0 interrupted iterations
default   [  17% ] 50 VUs  0m30.3s/3m0s

running (0m33.0s), 50/50 VUs, 36852 complete and 0 interrupted iterations
default   [  17% ] 50 VUs  0m31.3s/3m0s

running (0m34.0s), 50/50 VUs, 38211 complete and 0 interrupted iterations
default   [  18% ] 50 VUs  0m32.3s/3m0s

running (0m35.0s), 50/50 VUs, 39511 complete and 0 interrupted iterations
default   [  18% ] 50 VUs  0m33.3s/3m0s

running (0m36.0s), 50/50 VUs, 40729 complete and 0 interrupted iterations
default   [  19% ] 50 VUs  0m34.3s/3m0s

running (0m37.0s), 50/50 VUs, 42052 complete and 0 interrupted iterations
default   [  20% ] 50 VUs  0m35.3s/3m0s

running (0m38.0s), 50/50 VUs, 43423 complete and 0 interrupted iterations
default   [  20% ] 50 VUs  0m36.3s/3m0s

running (0m39.0s), 50/50 VUs, 44914 complete and 0 interrupted iterations
default   [  21% ] 50 VUs  0m37.3s/3m0s

running (0m40.0s), 50/50 VUs, 46095 complete and 0 interrupted iterations
default   [  21% ] 50 VUs  0m38.3s/3m0s

running (0m41.0s), 50/50 VUs, 47526 complete and 0 interrupted iterations
default   [  22% ] 50 VUs  0m39.3s/3m0s

running (0m42.0s), 50/50 VUs, 48776 complete and 0 interrupted iterations
default   [  22% ] 50 VUs  0m40.3s/3m0s

running (0m43.0s), 50/50 VUs, 50138 complete and 0 interrupted iterations
default   [  23% ] 50 VUs  0m41.3s/3m0s

running (0m44.0s), 50/50 VUs, 51712 complete and 0 interrupted iterations
default   [  23% ] 50 VUs  0m42.3s/3m0s

running (0m45.0s), 50/50 VUs, 53403 complete and 0 interrupted iterations
default   [  24% ] 50 VUs  0m43.3s/3m0s

running (0m46.0s), 50/50 VUs, 54826 complete and 0 interrupted iterations
default   [  25% ] 50 VUs  0m44.3s/3m0s

running (0m47.0s), 50/50 VUs, 56190 complete and 0 interrupted iterations
default   [  25% ] 50 VUs  0m45.3s/3m0s

running (0m48.0s), 50/50 VUs, 58021 complete and 0 interrupted iterations
default   [  26% ] 50 VUs  0m46.3s/3m0s

running (0m49.0s), 50/50 VUs, 59402 complete and 0 interrupted iterations
default   [  26% ] 50 VUs  0m47.3s/3m0s

running (0m50.0s), 50/50 VUs, 60784 complete and 0 interrupted iterations
default   [  27% ] 50 VUs  0m48.3s/3m0s

running (0m51.0s), 50/50 VUs, 62159 complete and 0 interrupted iterations
default   [  27% ] 50 VUs  0m49.3s/3m0s

running (0m52.0s), 50/50 VUs, 63559 complete and 0 interrupted iterations
default   [  28% ] 50 VUs  0m50.3s/3m0s

running (0m53.0s), 50/50 VUs, 64949 complete and 0 interrupted iterations
default   [  28% ] 50 VUs  0m51.3s/3m0s

running (0m54.0s), 50/50 VUs, 66305 complete and 0 interrupted iterations
default   [  29% ] 50 VUs  0m52.3s/3m0s

running (0m55.0s), 50/50 VUs, 67582 complete and 0 interrupted iterations
default   [  30% ] 50 VUs  0m53.3s/3m0s

running (0m56.0s), 50/50 VUs, 68792 complete and 0 interrupted iterations
default   [  30% ] 50 VUs  0m54.3s/3m0s

running (0m57.0s), 50/50 VUs, 70269 complete and 0 interrupted iterations
default   [  31% ] 50 VUs  0m55.3s/3m0s

running (0m58.0s), 50/50 VUs, 71543 complete and 0 interrupted iterations
default   [  31% ] 50 VUs  0m56.3s/3m0s

running (0m59.0s), 50/50 VUs, 72788 complete and 0 interrupted iterations
default   [  32% ] 50 VUs  0m57.3s/3m0s

running (1m00.0s), 50/50 VUs, 74275 complete and 0 interrupted iterations
default   [  32% ] 50 VUs  0m58.3s/3m0s

running (1m01.0s), 50/50 VUs, 75451 complete and 0 interrupted iterations
default   [  33% ] 50 VUs  0m59.3s/3m0s

running (1m02.0s), 50/50 VUs, 76572 complete and 0 interrupted iterations
default   [  33% ] 50 VUs  1m00.3s/3m0s

running (1m03.0s), 50/50 VUs, 76824 complete and 0 interrupted iterations
default   [  34% ] 50 VUs  1m01.3s/3m0s

running (1m04.0s), 50/50 VUs, 77067 complete and 0 interrupted iterations
default   [  35% ] 50 VUs  1m02.3s/3m0s

running (1m05.0s), 50/50 VUs, 77637 complete and 0 interrupted iterations
default   [  35% ] 50 VUs  1m03.3s/3m0s

running (1m06.0s), 50/50 VUs, 78434 complete and 0 interrupted iterations
default   [  36% ] 50 VUs  1m04.3s/3m0s

running (1m07.0s), 50/50 VUs, 79298 complete and 0 interrupted iterations
default   [  36% ] 50 VUs  1m05.3s/3m0s

running (1m08.0s), 50/50 VUs, 80710 complete and 0 interrupted iterations
default   [  37% ] 50 VUs  1m06.3s/3m0s

running (1m09.0s), 50/50 VUs, 81994 complete and 0 interrupted iterations
default   [  37% ] 50 VUs  1m07.3s/3m0s

running (1m10.0s), 50/50 VUs, 83324 complete and 0 interrupted iterations
default   [  38% ] 50 VUs  1m08.3s/3m0s

running (1m11.0s), 50/50 VUs, 84676 complete and 0 interrupted iterations
default   [  38% ] 50 VUs  1m09.3s/3m0s

running (1m12.0s), 50/50 VUs, 86037 complete and 0 interrupted iterations
default   [  39% ] 50 VUs  1m10.3s/3m0s

running (1m13.0s), 50/50 VUs, 87430 complete and 0 interrupted iterations
default   [  40% ] 50 VUs  1m11.3s/3m0s

running (1m14.0s), 50/50 VUs, 89105 complete and 0 interrupted iterations
default   [  40% ] 50 VUs  1m12.3s/3m0s

running (1m15.0s), 50/50 VUs, 90386 complete and 0 interrupted iterations
default   [  41% ] 50 VUs  1m13.3s/3m0s

running (1m16.0s), 50/50 VUs, 91899 complete and 0 interrupted iterations
default   [  41% ] 50 VUs  1m14.3s/3m0s

running (1m17.0s), 50/50 VUs, 93329 complete and 0 interrupted iterations
default   [  42% ] 50 VUs  1m15.3s/3m0s

running (1m18.0s), 50/50 VUs, 94724 complete and 0 interrupted iterations
default   [  42% ] 50 VUs  1m16.3s/3m0s

running (1m19.0s), 50/50 VUs, 96441 complete and 0 interrupted iterations
default   [  43% ] 50 VUs  1m17.3s/3m0s

running (1m20.0s), 50/50 VUs, 97890 complete and 0 interrupted iterations
default   [  43% ] 50 VUs  1m18.3s/3m0s

running (1m21.0s), 50/50 VUs, 99502 complete and 0 interrupted iterations
default   [  44% ] 50 VUs  1m19.3s/3m0s

running (1m22.0s), 50/50 VUs, 100999 complete and 0 interrupted iterations
default   [  45% ] 50 VUs  1m20.3s/3m0s

running (1m23.0s), 50/50 VUs, 102545 complete and 0 interrupted iterations
default   [  45% ] 50 VUs  1m21.3s/3m0s

running (1m24.0s), 50/50 VUs, 104122 complete and 0 interrupted iterations
default   [  46% ] 50 VUs  1m22.3s/3m0s

running (1m25.0s), 50/50 VUs, 105556 complete and 0 interrupted iterations
default   [  46% ] 50 VUs  1m23.3s/3m0s

running (1m26.0s), 50/50 VUs, 107363 complete and 0 interrupted iterations
default   [  47% ] 50 VUs  1m24.3s/3m0s

running (1m27.0s), 50/50 VUs, 108796 complete and 0 interrupted iterations
default   [  47% ] 50 VUs  1m25.3s/3m0s

running (1m28.0s), 50/50 VUs, 110225 complete and 0 interrupted iterations
default   [  48% ] 50 VUs  1m26.3s/3m0s

running (1m29.0s), 50/50 VUs, 111755 complete and 0 interrupted iterations
default   [  48% ] 50 VUs  1m27.3s/3m0s

running (1m30.0s), 50/50 VUs, 113368 complete and 0 interrupted iterations
default   [  49% ] 50 VUs  1m28.3s/3m0s

running (1m31.0s), 50/50 VUs, 114771 complete and 0 interrupted iterations
default   [  50% ] 50 VUs  1m29.3s/3m0s

running (1m32.0s), 50/50 VUs, 116361 complete and 0 interrupted iterations
default   [  50% ] 50 VUs  1m30.3s/3m0s

running (1m33.0s), 50/50 VUs, 117917 complete and 0 interrupted iterations
default   [  51% ] 50 VUs  1m31.3s/3m0s

running (1m34.0s), 50/50 VUs, 119293 complete and 0 interrupted iterations
default   [  51% ] 50 VUs  1m32.3s/3m0s

running (1m35.0s), 50/50 VUs, 120619 complete and 0 interrupted iterations
default   [  52% ] 50 VUs  1m33.3s/3m0s

running (1m36.0s), 50/50 VUs, 121805 complete and 0 interrupted iterations
default   [  52% ] 50 VUs  1m34.3s/3m0s

running (1m37.0s), 50/50 VUs, 123411 complete and 0 interrupted iterations
default   [  53% ] 50 VUs  1m35.3s/3m0s

running (1m38.0s), 50/50 VUs, 124812 complete and 0 interrupted iterations
default   [  53% ] 50 VUs  1m36.3s/3m0s

running (1m39.0s), 50/50 VUs, 126383 complete and 0 interrupted iterations
default   [  54% ] 50 VUs  1m37.3s/3m0s

running (1m40.0s), 50/50 VUs, 127742 complete and 0 interrupted iterations
default   [  55% ] 50 VUs  1m38.3s/3m0s

running (1m41.0s), 50/50 VUs, 129177 complete and 0 interrupted iterations
default   [  55% ] 50 VUs  1m39.3s/3m0s

running (1m42.0s), 50/50 VUs, 130673 complete and 0 interrupted iterations
default   [  56% ] 50 VUs  1m40.3s/3m0s

running (1m43.0s), 50/50 VUs, 132234 complete and 0 interrupted iterations
default   [  56% ] 50 VUs  1m41.3s/3m0s

running (1m44.0s), 50/50 VUs, 133713 complete and 0 interrupted iterations
default   [  57% ] 50 VUs  1m42.3s/3m0s

running (1m45.0s), 50/50 VUs, 134960 complete and 0 interrupted iterations
default   [  57% ] 50 VUs  1m43.3s/3m0s

running (1m46.0s), 50/50 VUs, 136363 complete and 0 interrupted iterations
default   [  58% ] 50 VUs  1m44.3s/3m0s

running (1m47.0s), 50/50 VUs, 137937 complete and 0 interrupted iterations
default   [  58% ] 50 VUs  1m45.3s/3m0s

running (1m48.0s), 50/50 VUs, 139383 complete and 0 interrupted iterations
default   [  59% ] 50 VUs  1m46.3s/3m0s

running (1m49.0s), 50/50 VUs, 140716 complete and 0 interrupted iterations
default   [  60% ] 50 VUs  1m47.3s/3m0s

running (1m50.0s), 50/50 VUs, 142204 complete and 0 interrupted iterations
default   [  60% ] 50 VUs  1m48.3s/3m0s

running (1m51.0s), 50/50 VUs, 143841 complete and 0 interrupted iterations
default   [  61% ] 50 VUs  1m49.3s/3m0s

running (1m52.0s), 50/50 VUs, 145228 complete and 0 interrupted iterations
default   [  61% ] 50 VUs  1m50.3s/3m0s

running (1m53.0s), 50/50 VUs, 146779 complete and 0 interrupted iterations
default   [  62% ] 50 VUs  1m51.3s/3m0s

running (1m54.0s), 50/50 VUs, 148171 complete and 0 interrupted iterations
default   [  62% ] 50 VUs  1m52.3s/3m0s

running (1m55.0s), 50/50 VUs, 149590 complete and 0 interrupted iterations
default   [  63% ] 50 VUs  1m53.3s/3m0s

running (1m56.0s), 50/50 VUs, 151377 complete and 0 interrupted iterations
default   [  63% ] 50 VUs  1m54.3s/3m0s

running (1m57.0s), 50/50 VUs, 152769 complete and 0 interrupted iterations
default   [  64% ] 50 VUs  1m55.3s/3m0s

running (1m58.0s), 50/50 VUs, 154165 complete and 0 interrupted iterations
default   [  65% ] 50 VUs  1m56.3s/3m0s

running (1m59.0s), 50/50 VUs, 155658 complete and 0 interrupted iterations
default   [  65% ] 50 VUs  1m57.3s/3m0s

running (2m00.0s), 50/50 VUs, 156951 complete and 0 interrupted iterations
default   [  66% ] 50 VUs  1m58.3s/3m0s

running (2m01.0s), 50/50 VUs, 158444 complete and 0 interrupted iterations
default   [  66% ] 50 VUs  1m59.3s/3m0s

running (2m02.0s), 50/50 VUs, 159794 complete and 0 interrupted iterations
default   [  67% ] 50 VUs  2m00.3s/3m0s

running (2m03.0s), 50/50 VUs, 160119 complete and 0 interrupted iterations
default   [  67% ] 50 VUs  2m01.3s/3m0s

running (2m04.0s), 50/50 VUs, 160419 complete and 0 interrupted iterations
default   [  68% ] 50 VUs  2m02.3s/3m0s

running (2m05.0s), 50/50 VUs, 161031 complete and 0 interrupted iterations
default   [  68% ] 50 VUs  2m03.3s/3m0s

running (2m06.0s), 50/50 VUs, 161928 complete and 0 interrupted iterations
default   [  69% ] 50 VUs  2m04.3s/3m0s

running (2m07.0s), 50/50 VUs, 163091 complete and 0 interrupted iterations
default   [  70% ] 50 VUs  2m05.3s/3m0s

running (2m08.0s), 50/50 VUs, 164414 complete and 0 interrupted iterations
default   [  70% ] 50 VUs  2m06.3s/3m0s

running (2m09.0s), 50/50 VUs, 165831 complete and 0 interrupted iterations
default   [  71% ] 50 VUs  2m07.3s/3m0s

running (2m10.0s), 50/50 VUs, 167392 complete and 0 interrupted iterations
default   [  71% ] 50 VUs  2m08.3s/3m0s

running (2m11.0s), 50/50 VUs, 168790 complete and 0 interrupted iterations
default   [  72% ] 50 VUs  2m09.3s/3m0s

running (2m12.0s), 50/50 VUs, 170254 complete and 0 interrupted iterations
default   [  72% ] 50 VUs  2m10.3s/3m0s

running (2m13.0s), 50/50 VUs, 171455 complete and 0 interrupted iterations
default   [  73% ] 50 VUs  2m11.3s/3m0s

running (2m14.0s), 50/50 VUs, 172918 complete and 0 interrupted iterations
default   [  73% ] 50 VUs  2m12.3s/3m0s

running (2m15.0s), 50/50 VUs, 174666 complete and 0 interrupted iterations
default   [  74% ] 50 VUs  2m13.3s/3m0s

running (2m16.0s), 50/50 VUs, 175987 complete and 0 interrupted iterations
default   [  75% ] 50 VUs  2m14.3s/3m0s

running (2m17.0s), 50/50 VUs, 177284 complete and 0 interrupted iterations
default   [  75% ] 50 VUs  2m15.3s/3m0s

running (2m18.0s), 50/50 VUs, 178812 complete and 0 interrupted iterations
default   [  76% ] 50 VUs  2m16.3s/3m0s

running (2m19.0s), 50/50 VUs, 180198 complete and 0 interrupted iterations
default   [  76% ] 50 VUs  2m17.3s/3m0s

running (2m20.0s), 50/50 VUs, 181654 complete and 0 interrupted iterations
default   [  77% ] 50 VUs  2m18.3s/3m0s

running (2m21.0s), 50/50 VUs, 183128 complete and 0 interrupted iterations
default   [  77% ] 50 VUs  2m19.3s/3m0s

running (2m22.0s), 50/50 VUs, 184612 complete and 0 interrupted iterations
default   [  78% ] 50 VUs  2m20.3s/3m0s

running (2m23.0s), 50/50 VUs, 186157 complete and 0 interrupted iterations
default   [  78% ] 50 VUs  2m21.3s/3m0s

running (2m24.0s), 50/50 VUs, 187753 complete and 0 interrupted iterations
default   [  79% ] 50 VUs  2m22.3s/3m0s

running (2m25.0s), 50/50 VUs, 189156 complete and 0 interrupted iterations
default   [  80% ] 50 VUs  2m23.3s/3m0s

running (2m26.0s), 50/50 VUs, 190647 complete and 0 interrupted iterations
default   [  80% ] 50 VUs  2m24.3s/3m0s

running (2m27.0s), 50/50 VUs, 192250 complete and 0 interrupted iterations
default   [  81% ] 50 VUs  2m25.3s/3m0s

running (2m28.0s), 50/50 VUs, 193642 complete and 0 interrupted iterations
default   [  81% ] 50 VUs  2m26.3s/3m0s

running (2m29.0s), 50/50 VUs, 195043 complete and 0 interrupted iterations
default   [  82% ] 50 VUs  2m27.3s/3m0s

running (2m30.0s), 50/50 VUs, 196578 complete and 0 interrupted iterations
default   [  82% ] 50 VUs  2m28.3s/3m0s

running (2m31.0s), 50/50 VUs, 197995 complete and 0 interrupted iterations
default   [  83% ] 50 VUs  2m29.3s/3m0s

running (2m32.0s), 50/50 VUs, 199403 complete and 0 interrupted iterations
default   [  83% ] 50 VUs  2m30.3s/3m0s

running (2m33.0s), 50/50 VUs, 200871 complete and 0 interrupted iterations
default   [  84% ] 50 VUs  2m31.3s/3m0s

running (2m34.0s), 50/50 VUs, 202269 complete and 0 interrupted iterations
default   [  85% ] 50 VUs  2m32.3s/3m0s

running (2m35.0s), 50/50 VUs, 204013 complete and 0 interrupted iterations
default   [  85% ] 50 VUs  2m33.3s/3m0s

running (2m36.0s), 50/50 VUs, 205397 complete and 0 interrupted iterations
default   [  86% ] 50 VUs  2m34.3s/3m0s

running (2m37.0s), 50/50 VUs, 206885 complete and 0 interrupted iterations
default   [  86% ] 50 VUs  2m35.3s/3m0s

running (2m38.0s), 50/50 VUs, 208202 complete and 0 interrupted iterations
default   [  87% ] 50 VUs  2m36.3s/3m0s

running (2m39.0s), 50/50 VUs, 209624 complete and 0 interrupted iterations
default   [  87% ] 50 VUs  2m37.3s/3m0s

running (2m40.0s), 50/50 VUs, 211012 complete and 0 interrupted iterations
default   [  88% ] 50 VUs  2m38.3s/3m0s

running (2m41.0s), 50/50 VUs, 212646 complete and 0 interrupted iterations
default   [  88% ] 50 VUs  2m39.3s/3m0s

running (2m42.0s), 50/50 VUs, 214144 complete and 0 interrupted iterations
default   [  89% ] 50 VUs  2m40.3s/3m0s

running (2m43.0s), 50/50 VUs, 215768 complete and 0 interrupted iterations
default   [  90% ] 50 VUs  2m41.3s/3m0s

running (2m44.0s), 50/50 VUs, 217210 complete and 0 interrupted iterations
default   [  90% ] 50 VUs  2m42.3s/3m0s

running (2m45.0s), 50/50 VUs, 218659 complete and 0 interrupted iterations
default   [  91% ] 50 VUs  2m43.3s/3m0s

running (2m46.0s), 50/50 VUs, 220007 complete and 0 interrupted iterations
default   [  91% ] 50 VUs  2m44.3s/3m0s

running (2m47.0s), 50/50 VUs, 221536 complete and 0 interrupted iterations
default   [  92% ] 50 VUs  2m45.3s/3m0s

running (2m48.0s), 50/50 VUs, 222872 complete and 0 interrupted iterations
default   [  92% ] 50 VUs  2m46.3s/3m0s

running (2m49.0s), 50/50 VUs, 224303 complete and 0 interrupted iterations
default   [  93% ] 50 VUs  2m47.3s/3m0s

running (2m50.0s), 50/50 VUs, 225985 complete and 0 interrupted iterations
default   [  93% ] 50 VUs  2m48.3s/3m0s

running (2m51.0s), 50/50 VUs, 227587 complete and 0 interrupted iterations
default   [  94% ] 50 VUs  2m49.3s/3m0s

running (2m52.0s), 50/50 VUs, 229070 complete and 0 interrupted iterations
default   [  95% ] 50 VUs  2m50.3s/3m0s

running (2m53.0s), 50/50 VUs, 230330 complete and 0 interrupted iterations
default   [  95% ] 50 VUs  2m51.3s/3m0s

running (2m54.0s), 50/50 VUs, 231902 complete and 0 interrupted iterations
default   [  96% ] 50 VUs  2m52.3s/3m0s

running (2m55.0s), 50/50 VUs, 233522 complete and 0 interrupted iterations
default   [  96% ] 50 VUs  2m53.3s/3m0s

running (2m56.0s), 50/50 VUs, 235041 complete and 0 interrupted iterations
default   [  97% ] 50 VUs  2m54.3s/3m0s

running (2m57.0s), 50/50 VUs, 236380 complete and 0 interrupted iterations
default   [  97% ] 50 VUs  2m55.3s/3m0s

running (2m58.0s), 50/50 VUs, 237840 complete and 0 interrupted iterations
default   [  98% ] 50 VUs  2m56.3s/3m0s

running (2m59.0s), 50/50 VUs, 239291 complete and 0 interrupted iterations
default   [  98% ] 50 VUs  2m57.3s/3m0s

running (3m00.0s), 50/50 VUs, 240968 complete and 0 interrupted iterations
default   [  99% ] 50 VUs  2m58.3s/3m0s

running (3m01.0s), 50/50 VUs, 242372 complete and 0 interrupted iterations
default   [ 100% ] 50 VUs  2m59.3s/3m0s
{
  "base": "http://127.0.0.1:8765",
  "oracle_quick_p95_ms": 31.151299399999996,
  "cache_hits": 151,
  "cache_misses": 243267,
  "cache_hit_rate": 0.0006203321036242184,
  "http_req_failed_rate": 0.9985087564343257
}

running (3m01.8s), 00/50 VUs, 243418 complete and 0 interrupted iterations
default ✓ [ 100% ] 50 VUs  3m0s
time="2026-08-29T21:21:05Z" level=error msg="thresholds on metrics 'http_req_failed' have been crossed"
