
         /\      Grafana   /‾‾/  
    /\  /  \     |\  __   /  /   
   /  \/    \    | |/ /  /   ‾‾\ 
  /          \   |   (  |  (‾)  |
 / __________ \  |_|\_\  \_____/ 


     execution: local
        script: scripts/load_test_oracle_profiling.js
        output: -

     scenarios: (100.00%) 1 scenario, 50 max VUs, 3m30s max duration (incl. graceful stop):
              * default: 50 looping VUs for 3m0s (gracefulStop: 30s)


Run       [ 100% ] setup()
default   [   0% ]

running (0m02.0s), 50/50 VUs, 3 complete and 0 interrupted iterations
default   [   0% ] 50 VUs  0m00.1s/3m0s

running (0m03.0s), 50/50 VUs, 97 complete and 0 interrupted iterations
default   [   1% ] 50 VUs  0m01.1s/3m0s

running (0m04.0s), 50/50 VUs, 283 complete and 0 interrupted iterations
default   [   1% ] 50 VUs  0m02.1s/3m0s

running (0m05.0s), 50/50 VUs, 378 complete and 0 interrupted iterations
default   [   2% ] 50 VUs  0m03.1s/3m0s

running (0m06.0s), 50/50 VUs, 386 complete and 0 interrupted iterations
default   [   2% ] 50 VUs  0m04.1s/3m0s

running (0m07.0s), 50/50 VUs, 474 complete and 0 interrupted iterations
default   [   3% ] 50 VUs  0m05.1s/3m0s

running (0m08.0s), 50/50 VUs, 525 complete and 0 interrupted iterations
default   [   3% ] 50 VUs  0m06.1s/3m0s

running (0m09.0s), 50/50 VUs, 558 complete and 0 interrupted iterations
default   [   4% ] 50 VUs  0m07.1s/3m0s

running (0m10.0s), 50/50 VUs, 586 complete and 0 interrupted iterations
default   [   5% ] 50 VUs  0m08.1s/3m0s

running (0m11.0s), 50/50 VUs, 632 complete and 0 interrupted iterations
default   [   5% ] 50 VUs  0m09.1s/3m0s

running (0m12.0s), 50/50 VUs, 681 complete and 0 interrupted iterations
default   [   6% ] 50 VUs  0m10.1s/3m0s

running (0m13.0s), 50/50 VUs, 721 complete and 0 interrupted iterations
default   [   6% ] 50 VUs  0m11.1s/3m0s

running (0m14.0s), 50/50 VUs, 743 complete and 0 interrupted iterations
default   [   7% ] 50 VUs  0m12.1s/3m0s

running (0m15.0s), 50/50 VUs, 779 complete and 0 interrupted iterations
default   [   7% ] 50 VUs  0m13.1s/3m0s

running (0m16.0s), 50/50 VUs, 796 complete and 0 interrupted iterations
default   [   8% ] 50 VUs  0m14.1s/3m0s

running (0m17.0s), 50/50 VUs, 839 complete and 0 interrupted iterations
default   [   8% ] 50 VUs  0m15.1s/3m0s

running (0m18.0s), 50/50 VUs, 865 complete and 0 interrupted iterations
default   [   9% ] 50 VUs  0m16.1s/3m0s

running (0m19.0s), 50/50 VUs, 892 complete and 0 interrupted iterations
default   [  10% ] 50 VUs  0m17.1s/3m0s

running (0m20.0s), 50/50 VUs, 923 complete and 0 interrupted iterations
default   [  10% ] 50 VUs  0m18.1s/3m0s

running (0m21.0s), 50/50 VUs, 957 complete and 0 interrupted iterations
default   [  11% ] 50 VUs  0m19.1s/3m0s

running (0m22.0s), 50/50 VUs, 972 complete and 0 interrupted iterations
default   [  11% ] 50 VUs  0m20.1s/3m0s

running (0m23.0s), 50/50 VUs, 994 complete and 0 interrupted iterations
default   [  12% ] 50 VUs  0m21.1s/3m0s

running (0m24.0s), 50/50 VUs, 1024 complete and 0 interrupted iterations
default   [  12% ] 50 VUs  0m22.1s/3m0s

running (0m25.0s), 50/50 VUs, 1043 complete and 0 interrupted iterations
default   [  13% ] 50 VUs  0m23.1s/3m0s

running (0m26.0s), 50/50 VUs, 1066 complete and 0 interrupted iterations
default   [  13% ] 50 VUs  0m24.1s/3m0s

running (0m27.0s), 50/50 VUs, 1093 complete and 0 interrupted iterations
default   [  14% ] 50 VUs  0m25.1s/3m0s

running (0m28.0s), 50/50 VUs, 1112 complete and 0 interrupted iterations
default   [  15% ] 50 VUs  0m26.1s/3m0s

running (0m29.0s), 50/50 VUs, 1140 complete and 0 interrupted iterations
default   [  15% ] 50 VUs  0m27.1s/3m0s

running (0m30.0s), 50/50 VUs, 1158 complete and 0 interrupted iterations
default   [  16% ] 50 VUs  0m28.1s/3m0s

running (0m31.0s), 50/50 VUs, 1183 complete and 0 interrupted iterations
default   [  16% ] 50 VUs  0m29.1s/3m0s

running (0m32.0s), 50/50 VUs, 1212 complete and 0 interrupted iterations
default   [  17% ] 50 VUs  0m30.1s/3m0s

running (0m33.0s), 50/50 VUs, 1235 complete and 0 interrupted iterations
default   [  17% ] 50 VUs  0m31.1s/3m0s

running (0m34.0s), 50/50 VUs, 1259 complete and 0 interrupted iterations
default   [  18% ] 50 VUs  0m32.1s/3m0s

running (0m35.0s), 50/50 VUs, 1285 complete and 0 interrupted iterations
default   [  18% ] 50 VUs  0m33.1s/3m0s

running (0m36.0s), 50/50 VUs, 1302 complete and 0 interrupted iterations
default   [  19% ] 50 VUs  0m34.1s/3m0s

running (0m37.0s), 50/50 VUs, 1323 complete and 0 interrupted iterations
default   [  20% ] 50 VUs  0m35.1s/3m0s

running (0m38.0s), 50/50 VUs, 1348 complete and 0 interrupted iterations
default   [  20% ] 50 VUs  0m36.1s/3m0s

running (0m39.0s), 50/50 VUs, 1368 complete and 0 interrupted iterations
default   [  21% ] 50 VUs  0m37.1s/3m0s

running (0m40.0s), 50/50 VUs, 1390 complete and 0 interrupted iterations
default   [  21% ] 50 VUs  0m38.1s/3m0s

running (0m41.0s), 50/50 VUs, 1406 complete and 0 interrupted iterations
default   [  22% ] 50 VUs  0m39.1s/3m0s

running (0m42.0s), 50/50 VUs, 1415 complete and 0 interrupted iterations
default   [  22% ] 50 VUs  0m40.1s/3m0s

running (0m43.0s), 50/50 VUs, 1430 complete and 0 interrupted iterations
default   [  23% ] 50 VUs  0m41.1s/3m0s

running (0m44.0s), 50/50 VUs, 1454 complete and 0 interrupted iterations
default   [  23% ] 50 VUs  0m42.1s/3m0s

running (0m45.0s), 50/50 VUs, 1465 complete and 0 interrupted iterations
default   [  24% ] 50 VUs  0m43.1s/3m0s

running (0m46.0s), 50/50 VUs, 1485 complete and 0 interrupted iterations
default   [  25% ] 50 VUs  0m44.1s/3m0s

running (0m47.0s), 50/50 VUs, 1512 complete and 0 interrupted iterations
default   [  25% ] 50 VUs  0m45.1s/3m0s

running (0m48.0s), 50/50 VUs, 1534 complete and 0 interrupted iterations
default   [  26% ] 50 VUs  0m46.1s/3m0s

running (0m49.0s), 50/50 VUs, 1567 complete and 0 interrupted iterations
default   [  26% ] 50 VUs  0m47.1s/3m0s

running (0m50.0s), 50/50 VUs, 1596 complete and 0 interrupted iterations
default   [  27% ] 50 VUs  0m48.1s/3m0s

running (0m51.0s), 50/50 VUs, 1611 complete and 0 interrupted iterations
default   [  27% ] 50 VUs  0m49.1s/3m0s

running (0m52.0s), 50/50 VUs, 1637 complete and 0 interrupted iterations
default   [  28% ] 50 VUs  0m50.1s/3m0s

running (0m53.0s), 50/50 VUs, 1651 complete and 0 interrupted iterations
default   [  28% ] 50 VUs  0m51.1s/3m0s

running (0m54.0s), 50/50 VUs, 1676 complete and 0 interrupted iterations
default   [  29% ] 50 VUs  0m52.1s/3m0s

running (0m55.0s), 50/50 VUs, 1705 complete and 0 interrupted iterations
default   [  30% ] 50 VUs  0m53.1s/3m0s

running (0m56.0s), 50/50 VUs, 1721 complete and 0 interrupted iterations
default   [  30% ] 50 VUs  0m54.1s/3m0s

running (0m57.0s), 50/50 VUs, 1736 complete and 0 interrupted iterations
default   [  31% ] 50 VUs  0m55.1s/3m0s

running (0m58.0s), 50/50 VUs, 1756 complete and 0 interrupted iterations
default   [  31% ] 50 VUs  0m56.1s/3m0s

running (0m59.0s), 50/50 VUs, 1788 complete and 0 interrupted iterations
default   [  32% ] 50 VUs  0m57.1s/3m0s

running (1m00.0s), 50/50 VUs, 1804 complete and 0 interrupted iterations
default   [  32% ] 50 VUs  0m58.1s/3m0s

running (1m01.0s), 50/50 VUs, 1834 complete and 0 interrupted iterations
default   [  33% ] 50 VUs  0m59.1s/3m0s

running (1m02.0s), 50/50 VUs, 1855 complete and 0 interrupted iterations
default   [  33% ] 50 VUs  1m00.1s/3m0s

running (1m03.0s), 50/50 VUs, 1878 complete and 0 interrupted iterations
default   [  34% ] 50 VUs  1m01.1s/3m0s

running (1m04.0s), 50/50 VUs, 1914 complete and 0 interrupted iterations
default   [  35% ] 50 VUs  1m02.1s/3m0s

running (1m05.0s), 50/50 VUs, 1941 complete and 0 interrupted iterations
default   [  35% ] 50 VUs  1m03.1s/3m0s

running (1m06.0s), 50/50 VUs, 1962 complete and 0 interrupted iterations
default   [  36% ] 50 VUs  1m04.1s/3m0s

running (1m07.0s), 50/50 VUs, 1988 complete and 0 interrupted iterations
default   [  36% ] 50 VUs  1m05.1s/3m0s

running (1m08.0s), 50/50 VUs, 2007 complete and 0 interrupted iterations
default   [  37% ] 50 VUs  1m06.1s/3m0s

running (1m09.0s), 50/50 VUs, 2037 complete and 0 interrupted iterations
default   [  37% ] 50 VUs  1m07.1s/3m0s

running (1m10.0s), 50/50 VUs, 2060 complete and 0 interrupted iterations
default   [  38% ] 50 VUs  1m08.1s/3m0s

running (1m11.0s), 50/50 VUs, 2086 complete and 0 interrupted iterations
default   [  38% ] 50 VUs  1m09.1s/3m0s

running (1m12.0s), 50/50 VUs, 2105 complete and 0 interrupted iterations
default   [  39% ] 50 VUs  1m10.1s/3m0s

running (1m13.0s), 50/50 VUs, 2135 complete and 0 interrupted iterations
default   [  40% ] 50 VUs  1m11.1s/3m0s

running (1m14.0s), 50/50 VUs, 2149 complete and 0 interrupted iterations
default   [  40% ] 50 VUs  1m12.1s/3m0s

running (1m15.0s), 50/50 VUs, 2172 complete and 0 interrupted iterations
default   [  41% ] 50 VUs  1m13.1s/3m0s

running (1m16.0s), 50/50 VUs, 2200 complete and 0 interrupted iterations
default   [  41% ] 50 VUs  1m14.1s/3m0s

running (1m17.0s), 50/50 VUs, 2221 complete and 0 interrupted iterations
default   [  42% ] 50 VUs  1m15.1s/3m0s

running (1m18.0s), 50/50 VUs, 2252 complete and 0 interrupted iterations
default   [  42% ] 50 VUs  1m16.1s/3m0s

running (1m19.0s), 50/50 VUs, 2287 complete and 0 interrupted iterations
default   [  43% ] 50 VUs  1m17.1s/3m0s

running (1m20.0s), 50/50 VUs, 2322 complete and 0 interrupted iterations
default   [  43% ] 50 VUs  1m18.1s/3m0s

running (1m21.0s), 50/50 VUs, 2347 complete and 0 interrupted iterations
default   [  44% ] 50 VUs  1m19.1s/3m0s

running (1m22.0s), 50/50 VUs, 2364 complete and 0 interrupted iterations
default   [  45% ] 50 VUs  1m20.1s/3m0s

running (1m23.0s), 50/50 VUs, 2391 complete and 0 interrupted iterations
default   [  45% ] 50 VUs  1m21.1s/3m0s

running (1m24.0s), 50/50 VUs, 2416 complete and 0 interrupted iterations
default   [  46% ] 50 VUs  1m22.1s/3m0s

running (1m25.0s), 50/50 VUs, 2436 complete and 0 interrupted iterations
default   [  46% ] 50 VUs  1m23.1s/3m0s

running (1m26.0s), 50/50 VUs, 2468 complete and 0 interrupted iterations
default   [  47% ] 50 VUs  1m24.1s/3m0s

running (1m27.0s), 50/50 VUs, 2483 complete and 0 interrupted iterations
default   [  47% ] 50 VUs  1m25.1s/3m0s

running (1m28.0s), 50/50 VUs, 2502 complete and 0 interrupted iterations
default   [  48% ] 50 VUs  1m26.1s/3m0s

running (1m29.0s), 50/50 VUs, 2520 complete and 0 interrupted iterations
default   [  48% ] 50 VUs  1m27.1s/3m0s

running (1m30.0s), 50/50 VUs, 2562 complete and 0 interrupted iterations
default   [  49% ] 50 VUs  1m28.1s/3m0s

running (1m31.0s), 50/50 VUs, 2598 complete and 0 interrupted iterations
default   [  50% ] 50 VUs  1m29.1s/3m0s

running (1m32.0s), 50/50 VUs, 2615 complete and 0 interrupted iterations
default   [  50% ] 50 VUs  1m30.1s/3m0s

running (1m33.0s), 50/50 VUs, 2633 complete and 0 interrupted iterations
default   [  51% ] 50 VUs  1m31.1s/3m0s

running (1m34.0s), 50/50 VUs, 2658 complete and 0 interrupted iterations
default   [  51% ] 50 VUs  1m32.1s/3m0s

running (1m35.0s), 50/50 VUs, 2684 complete and 0 interrupted iterations
default   [  52% ] 50 VUs  1m33.1s/3m0s

running (1m36.0s), 50/50 VUs, 2720 complete and 0 interrupted iterations
default   [  52% ] 50 VUs  1m34.1s/3m0s

running (1m37.0s), 50/50 VUs, 2746 complete and 0 interrupted iterations
default   [  53% ] 50 VUs  1m35.1s/3m0s

running (1m38.0s), 50/50 VUs, 2763 complete and 0 interrupted iterations
default   [  53% ] 50 VUs  1m36.1s/3m0s

running (1m39.0s), 50/50 VUs, 2789 complete and 0 interrupted iterations
default   [  54% ] 50 VUs  1m37.1s/3m0s

running (1m40.0s), 50/50 VUs, 2800 complete and 0 interrupted iterations
default   [  55% ] 50 VUs  1m38.1s/3m0s

running (1m41.0s), 50/50 VUs, 2824 complete and 0 interrupted iterations
default   [  55% ] 50 VUs  1m39.1s/3m0s

running (1m42.0s), 50/50 VUs, 2847 complete and 0 interrupted iterations
default   [  56% ] 50 VUs  1m40.1s/3m0s

running (1m43.0s), 50/50 VUs, 2869 complete and 0 interrupted iterations
default   [  56% ] 50 VUs  1m41.1s/3m0s

running (1m44.0s), 50/50 VUs, 2899 complete and 0 interrupted iterations
default   [  57% ] 50 VUs  1m42.1s/3m0s

running (1m45.0s), 50/50 VUs, 2935 complete and 0 interrupted iterations
default   [  57% ] 50 VUs  1m43.1s/3m0s

running (1m46.0s), 50/50 VUs, 2957 complete and 0 interrupted iterations
default   [  58% ] 50 VUs  1m44.1s/3m0s

running (1m47.0s), 50/50 VUs, 2999 complete and 0 interrupted iterations
default   [  58% ] 50 VUs  1m45.1s/3m0s

running (1m48.0s), 50/50 VUs, 3038 complete and 0 interrupted iterations
default   [  59% ] 50 VUs  1m46.1s/3m0s

running (1m49.0s), 50/50 VUs, 3052 complete and 0 interrupted iterations
default   [  60% ] 50 VUs  1m47.1s/3m0s

running (1m50.0s), 50/50 VUs, 3069 complete and 0 interrupted iterations
default   [  60% ] 50 VUs  1m48.1s/3m0s

running (1m51.0s), 50/50 VUs, 3111 complete and 0 interrupted iterations
default   [  61% ] 50 VUs  1m49.1s/3m0s

running (1m52.0s), 50/50 VUs, 3136 complete and 0 interrupted iterations
default   [  61% ] 50 VUs  1m50.1s/3m0s

running (1m53.0s), 50/50 VUs, 3173 complete and 0 interrupted iterations
default   [  62% ] 50 VUs  1m51.1s/3m0s

running (1m54.0s), 50/50 VUs, 3220 complete and 0 interrupted iterations
default   [  62% ] 50 VUs  1m52.1s/3m0s

running (1m55.0s), 50/50 VUs, 3246 complete and 0 interrupted iterations
default   [  63% ] 50 VUs  1m53.1s/3m0s

running (1m56.0s), 50/50 VUs, 3273 complete and 0 interrupted iterations
default   [  63% ] 50 VUs  1m54.1s/3m0s

running (1m57.0s), 50/50 VUs, 3307 complete and 0 interrupted iterations
default   [  64% ] 50 VUs  1m55.1s/3m0s

running (1m58.0s), 50/50 VUs, 3339 complete and 0 interrupted iterations
default   [  65% ] 50 VUs  1m56.1s/3m0s

running (1m59.0s), 50/50 VUs, 3365 complete and 0 interrupted iterations
default   [  65% ] 50 VUs  1m57.1s/3m0s

running (2m00.0s), 50/50 VUs, 3394 complete and 0 interrupted iterations
default   [  66% ] 50 VUs  1m58.1s/3m0s

running (2m01.0s), 50/50 VUs, 3408 complete and 0 interrupted iterations
default   [  66% ] 50 VUs  1m59.1s/3m0s

running (2m02.0s), 50/50 VUs, 3434 complete and 0 interrupted iterations
default   [  67% ] 50 VUs  2m00.1s/3m0s

running (2m03.0s), 50/50 VUs, 3480 complete and 0 interrupted iterations
default   [  67% ] 50 VUs  2m01.1s/3m0s

running (2m04.0s), 50/50 VUs, 3505 complete and 0 interrupted iterations
default   [  68% ] 50 VUs  2m02.1s/3m0s

running (2m05.0s), 50/50 VUs, 3529 complete and 0 interrupted iterations
default   [  68% ] 50 VUs  2m03.1s/3m0s

running (2m06.0s), 50/50 VUs, 3566 complete and 0 interrupted iterations
default   [  69% ] 50 VUs  2m04.1s/3m0s

running (2m07.0s), 50/50 VUs, 3594 complete and 0 interrupted iterations
default   [  70% ] 50 VUs  2m05.1s/3m0s

running (2m08.0s), 50/50 VUs, 3607 complete and 0 interrupted iterations
default   [  70% ] 50 VUs  2m06.1s/3m0s

running (2m09.0s), 50/50 VUs, 3640 complete and 0 interrupted iterations
default   [  71% ] 50 VUs  2m07.1s/3m0s

running (2m10.0s), 50/50 VUs, 3665 complete and 0 interrupted iterations
default   [  71% ] 50 VUs  2m08.1s/3m0s

running (2m11.0s), 50/50 VUs, 3707 complete and 0 interrupted iterations
default   [  72% ] 50 VUs  2m09.1s/3m0s

running (2m12.0s), 50/50 VUs, 3739 complete and 0 interrupted iterations
default   [  72% ] 50 VUs  2m10.1s/3m0s

running (2m13.0s), 50/50 VUs, 3762 complete and 0 interrupted iterations
default   [  73% ] 50 VUs  2m11.1s/3m0s

running (2m14.0s), 50/50 VUs, 3803 complete and 0 interrupted iterations
default   [  73% ] 50 VUs  2m12.1s/3m0s

running (2m15.0s), 50/50 VUs, 3823 complete and 0 interrupted iterations
default   [  74% ] 50 VUs  2m13.1s/3m0s

running (2m16.0s), 50/50 VUs, 3860 complete and 0 interrupted iterations
default   [  75% ] 50 VUs  2m14.1s/3m0s

running (2m17.0s), 50/50 VUs, 3908 complete and 0 interrupted iterations
default   [  75% ] 50 VUs  2m15.1s/3m0s

running (2m18.0s), 50/50 VUs, 3935 complete and 0 interrupted iterations
default   [  76% ] 50 VUs  2m16.1s/3m0s

running (2m19.0s), 50/50 VUs, 3968 complete and 0 interrupted iterations
default   [  76% ] 50 VUs  2m17.1s/3m0s

running (2m20.0s), 50/50 VUs, 4002 complete and 0 interrupted iterations
default   [  77% ] 50 VUs  2m18.1s/3m0s

running (2m21.0s), 50/50 VUs, 4030 complete and 0 interrupted iterations
default   [  77% ] 50 VUs  2m19.1s/3m0s

running (2m22.0s), 50/50 VUs, 4065 complete and 0 interrupted iterations
default   [  78% ] 50 VUs  2m20.1s/3m0s

running (2m23.0s), 50/50 VUs, 4094 complete and 0 interrupted iterations
default   [  78% ] 50 VUs  2m21.1s/3m0s

running (2m24.0s), 50/50 VUs, 4114 complete and 0 interrupted iterations
default   [  79% ] 50 VUs  2m22.1s/3m0s

running (2m25.0s), 50/50 VUs, 4137 complete and 0 interrupted iterations
default   [  80% ] 50 VUs  2m23.1s/3m0s

running (2m26.0s), 50/50 VUs, 4157 complete and 0 interrupted iterations
default   [  80% ] 50 VUs  2m24.1s/3m0s

running (2m27.0s), 50/50 VUs, 4182 complete and 0 interrupted iterations
default   [  81% ] 50 VUs  2m25.1s/3m0s

running (2m28.0s), 50/50 VUs, 4207 complete and 0 interrupted iterations
default   [  81% ] 50 VUs  2m26.1s/3m0s

running (2m29.0s), 50/50 VUs, 4226 complete and 0 interrupted iterations
default   [  82% ] 50 VUs  2m27.1s/3m0s

running (2m30.0s), 50/50 VUs, 4262 complete and 0 interrupted iterations
default   [  82% ] 50 VUs  2m28.1s/3m0s

running (2m31.0s), 50/50 VUs, 4286 complete and 0 interrupted iterations
default   [  83% ] 50 VUs  2m29.1s/3m0s

running (2m32.0s), 50/50 VUs, 4323 complete and 0 interrupted iterations
default   [  83% ] 50 VUs  2m30.1s/3m0s

running (2m33.0s), 50/50 VUs, 4359 complete and 0 interrupted iterations
default   [  84% ] 50 VUs  2m31.1s/3m0s

running (2m34.0s), 50/50 VUs, 4400 complete and 0 interrupted iterations
default   [  85% ] 50 VUs  2m32.1s/3m0s

running (2m35.0s), 50/50 VUs, 4419 complete and 0 interrupted iterations
default   [  85% ] 50 VUs  2m33.1s/3m0s

running (2m36.0s), 50/50 VUs, 4442 complete and 0 interrupted iterations
default   [  86% ] 50 VUs  2m34.1s/3m0s

running (2m37.0s), 50/50 VUs, 4474 complete and 0 interrupted iterations
default   [  86% ] 50 VUs  2m35.1s/3m0s

running (2m38.0s), 50/50 VUs, 4502 complete and 0 interrupted iterations
default   [  87% ] 50 VUs  2m36.1s/3m0s

running (2m39.0s), 50/50 VUs, 4542 complete and 0 interrupted iterations
default   [  87% ] 50 VUs  2m37.1s/3m0s

running (2m40.0s), 50/50 VUs, 4568 complete and 0 interrupted iterations
default   [  88% ] 50 VUs  2m38.1s/3m0s

running (2m41.0s), 50/50 VUs, 4609 complete and 0 interrupted iterations
default   [  88% ] 50 VUs  2m39.1s/3m0s

running (2m42.0s), 50/50 VUs, 4632 complete and 0 interrupted iterations
default   [  89% ] 50 VUs  2m40.1s/3m0s

running (2m43.0s), 50/50 VUs, 4663 complete and 0 interrupted iterations
default   [  90% ] 50 VUs  2m41.1s/3m0s

running (2m44.0s), 50/50 VUs, 4682 complete and 0 interrupted iterations
default   [  90% ] 50 VUs  2m42.1s/3m0s

running (2m45.0s), 50/50 VUs, 4711 complete and 0 interrupted iterations
default   [  91% ] 50 VUs  2m43.1s/3m0s

running (2m46.0s), 50/50 VUs, 4733 complete and 0 interrupted iterations
default   [  91% ] 50 VUs  2m44.1s/3m0s

running (2m47.0s), 50/50 VUs, 4754 complete and 0 interrupted iterations
default   [  92% ] 50 VUs  2m45.1s/3m0s

running (2m48.0s), 50/50 VUs, 4780 complete and 0 interrupted iterations
default   [  92% ] 50 VUs  2m46.1s/3m0s

running (2m49.0s), 50/50 VUs, 4800 complete and 0 interrupted iterations
default   [  93% ] 50 VUs  2m47.1s/3m0s

running (2m50.0s), 50/50 VUs, 4837 complete and 0 interrupted iterations
default   [  93% ] 50 VUs  2m48.1s/3m0s

running (2m51.0s), 50/50 VUs, 4861 complete and 0 interrupted iterations
default   [  94% ] 50 VUs  2m49.1s/3m0s

running (2m52.0s), 50/50 VUs, 4898 complete and 0 interrupted iterations
default   [  95% ] 50 VUs  2m50.1s/3m0s

running (2m53.0s), 50/50 VUs, 4931 complete and 0 interrupted iterations
default   [  95% ] 50 VUs  2m51.1s/3m0s

running (2m54.0s), 50/50 VUs, 4958 complete and 0 interrupted iterations
default   [  96% ] 50 VUs  2m52.1s/3m0s

running (2m55.0s), 50/50 VUs, 5000 complete and 0 interrupted iterations
default   [  96% ] 50 VUs  2m53.1s/3m0s

running (2m56.0s), 50/50 VUs, 5019 complete and 0 interrupted iterations
default   [  97% ] 50 VUs  2m54.1s/3m0s

running (2m57.0s), 50/50 VUs, 5056 complete and 0 interrupted iterations
default   [  97% ] 50 VUs  2m55.1s/3m0s

running (2m58.0s), 50/50 VUs, 5084 complete and 0 interrupted iterations
default   [  98% ] 50 VUs  2m56.1s/3m0s

running (2m59.0s), 50/50 VUs, 5124 complete and 0 interrupted iterations
default   [  98% ] 50 VUs  2m57.1s/3m0s

running (3m00.0s), 50/50 VUs, 5153 complete and 0 interrupted iterations
default   [  99% ] 50 VUs  2m58.1s/3m0s

running (3m01.0s), 50/50 VUs, 5190 complete and 0 interrupted iterations
default   [ 100% ] 50 VUs  2m59.1s/3m0s

running (3m02.0s), 30/50 VUs, 5244 complete and 0 interrupted iterations
default ↓ [ 100% ] 50 VUs  3m0s

running (3m03.0s), 13/50 VUs, 5261 complete and 0 interrupted iterations
default ↓ [ 100% ] 50 VUs  3m0s
{
  "base": "http://127.0.0.1:8765",
  "oracle_quick_p95_ms": 3444.8364134500002,
  "cache_hits": 2572,
  "cache_misses": 2702,
  "cache_hit_rate": 0.4876753886992795,
  "http_req_failed_rate": 0
}

running (3m03.6s), 00/50 VUs, 5274 complete and 0 interrupted iterations
default ✓ [ 100% ] 50 VUs  3m0s
time="2026-08-29T21:26:37Z" level=error msg="thresholds on metrics 'oracle_quick_duration' have been crossed"
